src/App.tsx(1,17): error TS6133: 'useEffect' is declared but its value is never read.
src/components/common/Loader.tsx(1,1): error TS6133: 'React' is declared but its value is never read.
src/components/common/Toast.tsx(1,8): error TS6133: 'React' is declared but its value is never read.
src/components/common/Toast.tsx(15,3): error TS6133: 'id' is declared but its value is never read.
src/components/common/Toast.tsx(36,91): error TS7053: Element implicitly has an 'any' type because expression of type 'any' can't be used to index type '{ success: string; error: string; warning: string; info: string; }'.
src/components/common/Toast.tsx(37,8): error TS7053: Element implicitly has an 'any' type because expression of type 'any' can't be used to index type '{ success: Element; error: Element; warning: Element; info: Element; }'.
src/components/layout/Navbar.tsx(1,1): error TS6133: 'React' is declared but its value is never read.
src/components/layout/Sidebar.tsx(1,1): error TS6133: 'React' is declared but its value is never read.
src/pages/Analytics.tsx(1,1): error TS6133: 'React' is declared but its value is never read.
src/pages/Analytics.tsx(57,32): error TS6133: 'entry' is declared but its value is never read.
src/pages/Dashboard.tsx(1,8): error TS6133: 'React' is declared but its value is never read.
src/pages/Profile.tsx(1,8): error TS6133: 'React' is declared but its value is never read.
src/pages/Tasks.tsx(1,8): error TS6133: 'React' is declared but its value is never read.
src/services/api.ts(4,67): error TS2339: Property 'env' does not exist on type 'ImportMeta'.
src/services/api.ts(4,99): error TS2339: Property 'env' does not exist on type 'ImportMeta'.
src/store/slices/authSlice.ts(1,41): error TS6133: 'PayloadAction' is declared but its value is never read.
