≡ƒöæ Found API Key: AIzaSyB5...
≡ƒñû Testing gemini-1.5-flash...
node.exe : Γ¥î Error 
with 
gemini-1.5-flash: 
[GoogleGenerativeAI 
Error]: Error 
fetching from https:/
/generativelanguage.g
oogleapis.com/v1beta/
models/gemini-1.5-fla
sh:generateContent: 
[404 Not Found] model
s/gemini-1.5-flash 
is not found for API 
version v1beta, or 
is not supported for 
generateContent. 
Call ListModels to 
see the list of 
available models and 
their supported 
methods.
At C:\nvm4w\nodejs\np
x.ps1:16 char:5
+     & 
"$basedir/node$exe"  
"$basedir/node_module
s/npm/bin/npx-cli.js"
 ...
+     ~~~~~~~~~~~~~~~
~~~~~~~~~~~~~~~~~~~~~
~~~~~~~~~~~~~~~~~~~~~
~~~~~~~~
    + CategoryInfo   
           : NotSpe  
  cified: (Γ¥î Err   
 or with ...porte    
d methods.:Strin    
g) [], RemoteExc    
eption
    + FullyQualified 
   ErrorId : Native  
  CommandError
 
≡ƒñû Testing gemini-1.5-flash-latest...
Γ¥î Error with gemini
-1.5-flash-latest: 
[GoogleGenerativeAI 
Error]: Error 
fetching from https:/
/generativelanguage.g
oogleapis.com/v1beta/
models/gemini-1.5-fla
sh-latest:generateCon
tent: [404 Not 
Found] models/gemini-
1.5-flash-latest is 
not found for API 
version v1beta, or 
is not supported for 
generateContent. 
Call ListModels to 
see the list of 
available models and 
their supported 
methods.
≡ƒñû Testing gemini-pro...
Γ¥î Error with 
gemini-pro: 
[GoogleGenerativeAI 
Error]: Error 
fetching from https:/
/generativelanguage.g
oogleapis.com/v1beta/
models/gemini-pro:gen
erateContent: [404 
Not Found] 
models/gemini-pro is 
not found for API 
version v1beta, or 
is not supported for 
generateContent. 
Call ListModels to 
see the list of 
available models and 
their supported 
methods.
≡ƒñû Testing gemini-pro-latest...
Γ¥î Error with 
gemini-pro-latest: 
[GoogleGenerativeAI 
Error]: Error 
fetching from https:/
/generativelanguage.g
oogleapis.com/v1beta/
models/gemini-pro-lat
est:generateContent: 
[429 Too Many 
Requests] You 
exceeded your 
current quota, 
please check your 
plan and billing 
details. For more 
information on this 
error, head to: https
://ai.google.dev/gemi
ni-api/docs/rate-limi
ts. To monitor your 
current usage, head 
to: https://ai.dev/us
age?tab=rate-limit. 
* Quota exceeded for 
metric: generativelan
guage.googleapis.com/
generate_content_free
_tier_input_token_cou
nt, limit: 0, model: 
gemini-2.5-pro
* Quota exceeded for 
metric: generativelan
guage.googleapis.com/
generate_content_free
_tier_requests, 
limit: 0, model: 
gemini-2.5-pro
* Quota exceeded for 
metric: generativelan
guage.googleapis.com/
generate_content_free
_tier_requests, 
limit: 0, model: 
gemini-2.5-pro
* Quota exceeded for 
metric: generativelan
guage.googleapis.com/
generate_content_free
_tier_input_token_cou
nt, limit: 0, model: 
gemini-2.5-pro
Please retry in 
51.47413505s. [{"@typ
e":"type.googleapis.c
om/google.rpc.Help","
links":[{"description
":"Learn more about 
Gemini API quotas","u
rl":"https://ai.googl
e.dev/gemini-api/docs
/rate-limits"}]},{"@t
ype":"type.googleapis
.com/google.rpc.Quota
Failure","violations"
:[{"quotaMetric":"gen
erativelanguage.googl
eapis.com/generate_co
ntent_free_tier_input
_token_count","quotaI
d":"GenerateContentIn
putTokensPerModelPerD
ay-FreeTier","quotaDi
mensions":{"location"
:"global","model":"ge
mini-2.5-pro"}},{"quo
taMetric":"generative
language.googleapis.c
om/generate_content_f
ree_tier_requests","q
uotaId":"GenerateRequ
estsPerDayPerProjectP
erModel-FreeTier","qu
otaDimensions":{"loca
tion":"global","model
":"gemini-2.5-pro"}},
{"quotaMetric":"gener
ativelanguage.googlea
pis.com/generate_cont
ent_free_tier_request
s","quotaId":"Generat
eRequestsPerMinutePer
ProjectPerModel-FreeT
ier","quotaDimensions
":{"model":"gemini-2.
5-pro","location":"gl
obal"}},{"quotaMetric
":"generativelanguage
.googleapis.com/gener
ate_content_free_tier
_input_token_count","
quotaId":"GenerateCon
tentInputTokensPerMod
elPerMinute-FreeTier"
,"quotaDimensions":{"
location":"global","m
odel":"gemini-2.5-pro
"}}]},{"@type":"type.
googleapis.com/google
.rpc.RetryInfo","retr
yDelay":"51s"}]
≡ƒñû Testing gemini-1.0-pro...
Γ¥î Error with 
gemini-1.0-pro: 
[GoogleGenerativeAI 
Error]: Error 
fetching from https:/
/generativelanguage.g
oogleapis.com/v1beta/
models/gemini-1.0-pro
:generateContent: 
[404 Not Found] model
s/gemini-1.0-pro is 
not found for API 
version v1beta, or 
is not supported for 
generateContent. 
Call ListModels to 
see the list of 
available models and 
their supported 
methods.
